[Canontra Parse Warning] examples\inflection_example.py:12:44: Unexpected token in primary expression: TokKw "for"
[Canontra Parse Warning] examples\package_json_example.py:17:27: Unexpected token in base class list
[Canontra Parse Warning] src\marshmallow\__init__.py:13:8: Expected identifier in module name
[Canontra Parse Warning] src\marshmallow\class_registry.py:58:35: Unexpected token in primary expression: TokKw "for"
[Canontra Parse Warning] src\marshmallow\decorators.py:98:36: Unexpected token in parameter list
[Canontra Parse Warning] src\marshmallow\exceptions.py:31:41: Unexpected token in parameter list
[Canontra Parse Warning] src\marshmallow\experimental\context.py:47:64: Unexpected token in base class list
[Canontra Parse Warning] src\marshmallow\fields.py:91:47: Unexpected token in base class list
[Canontra Parse Warning] src\marshmallow\schema.py:104:28: Unexpected token in parameter list
[Canontra Parse Warning] src\marshmallow\types.py:1:1: Expected ']' but reached EOF
[Canontra Parse Warning] src\marshmallow\utils.py:83:42: Unexpected token in parameter list
[Canontra Parse Warning] src\marshmallow\validate.py:570:48: Unexpected token in primary expression: TokKw "for"
[Canontra Parse Warning] tests\base.py:89:45: Unexpected token in parameter list
[Canontra Parse Warning] tests\mypy_test_cases\test_validation_error.py:1:1: Expected '}' but reached EOF
[Canontra Parse Warning] tests\test_context.py:1:1: Expected ']' but reached EOF
[Canontra Parse Warning] tests\test_decorators.py:1:1: Expected '}' but reached EOF
[Canontra Parse Warning] tests\test_deserialization.py:1:1: Unexpected end of input in expression
[Canontra Parse Warning] tests\test_fields.py:1:1: Unexpected end of input in expression
[Canontra Parse Warning] tests\test_registry.py:1:1: Expected '}' but reached EOF
[Canontra Parse Warning] tests\test_schema.py:1:1: Expected '}' but reached EOF
[Canontra Parse Warning] tests\test_serialization.py:797:38: Unexpected token in primary expression: TokKw "for"
[Canontra Parse Warning] tests\test_utils.py:1:1: Expected '}' but reached EOF
[Canontra Parse Warning] tests\test_validate.py:1:1: Unexpected end of input in expression
